253 DOIs across 22 tables -> 6 OpenAlex requests
  247 of 253 DOIs found in OpenAlex
  top_papers_pediatric_radiology_ai.json: 15/15 rows enriched
  top_papers_pediatric_radiology_ai_2008-2022.json: 15/15 rows enriched
  top_papers_pediatric_radiology_ai_2023-present.json: 15/15 rows enriched
  top_papers_pediatric_radiology_ai_2023.json: 15/15 rows enriched
  top_papers_pediatric_radiology_ai_2024.json: 15/15 rows enriched
  top_papers_pediatric_radiology_ai_2025.json: 15/15 rows enriched
  top_papers_pediatric_radiology_ai_2026.json: 15/15 rows enriched
  top_papers_radiology_ai.json: 15/15 rows enriched
  top_papers_radiology_ai_2008-2022.json: 15/15 rows enriched
  top_papers_radiology_ai_2023-present.json: 15/15 rows enriched
  top_papers_radiology_ai_2023.json: 15/15 rows enriched
  top_papers_radiology_ai_2024.json: 15/15 rows enriched
  top_papers_radiology_ai_2025.json: 15/15 rows enriched
  top_papers_radiology_ai_2026.json: 14/15 rows enriched
  conference_works.json::NeurIPS: 12/15 rows enriched
  conference_works.json::ICLR: 11/15 rows enriched
  conference_works.json::ICML: 9/12 rows enriched
  conference_works.json::CVPR: 15/15 rows enriched
  conference_works.json::MICCAI: 14/15 rows enriched
  conference_works.json::MIDL: 11/15 rows enriched
  conference_works.json::RSNA: 15/15 rows enriched
  conference_works.json::SPR: 15/15 rows enriched
