Fetching example images...
  totalsegmentator: cached
  nnunet: cached
  medsam_paper: cached
  zech_generalization: cached
  pediatric_pneumonia: cached
  posterior_fossa: cached
  fetal_cortical_plate: cached
  gleamer: cached
  azmed: cached
  bonexpert: cached
  qure: cached
  spot_bone_age_challenge: no image found
  spot_dl_recon_ct: no image found
  spot_posterior_fossa: no image found
  spot_feta: https://cdn.ncbi.nlm.nih.gov/pmc/blobs/7478/8260784/cdda2a9fab46/41597_2021_946_Fig2_HTML.jpg
  spot_deeplasia: https://cdn.ncbi.nlm.nih.gov/pmc/blobs/71a2/10776485/12c0eeebe782/247_2023_5789_Figa_HTML.jpg
  spot_fracture_ed: https://cdn.ncbi.nlm.nih.gov/pmc/blobs/589d/12417293/c90ac9ae84fd/330_2025_11554_Fig4_HTML.jpg
  14/17 images available
EXAMPLES_DONE
