Semantic Scholar: top-cited union (19 queries) for 'radiology_ai'...
  50 papers; top: 14326 cites — 'A survey on deep learning in medical image analysis'
  2008-2022: 50 papers; top: 14326 cites — 'A survey on deep learning in medical image analysis'
  2023-present: 50 papers; top: 3610 cites — '6-month consequences of COVID-19 in patients discharged from hospital: a cohort study'
    [warn] Semantic Scholar search failed (HTTP Error 500: Internal Server Error): 'chest radiograph deep learning'
  2023: 50 papers; top: 3610 cites — '6-month consequences of COVID-19 in patients discharged from hospital: a cohort study'
  2024: 50 papers; top: 1074 cites — 'VM-UNet: Vision Mamba UNet for Medical Image Segmentation'
    [warn] Semantic Scholar search failed (HTTP Error 500: Internal Server Error): 'medical vision-language model'
  2025: 50 papers; top: 333 cites — 'ASAM: Anatomy-Encoded Segment Anything Model for Medical Images'
    [warn] Semantic Scholar search failed (HTTP Error 429: ): 'medical imaging foundation model'
    [warn] Semantic Scholar search failed (HTTP Error 429: ): 'medical image segmentation foundation model'
  2026: 50 papers; top: 37 cites — 'Explainable artificial intelligence (XAI) in medical imaging: a systematic review of techniques, applications, and challenges'
Semantic Scholar: top-cited union (13 queries) for 'pediatric_radiology_ai'...
  50 papers; top: 458 cites — 'The RSNA Pediatric Bone Age Machine Learning Challenge.'
  2008-2022: 50 papers; top: 458 cites — 'The RSNA Pediatric Bone Age Machine Learning Challenge.'
  2023-present: 50 papers; top: 62 cites — 'Standard fetal ultrasound plane classification based on stacked ensemble of deep learning models'
  2023: 50 papers; top: 62 cites — 'Standard fetal ultrasound plane classification based on stacked ensemble of deep learning models'
    [warn] Semantic Scholar search failed (HTTP Error 429: ): 'pediatric MRI deep learning'
    [warn] Semantic Scholar search failed (HTTP Error 500: Internal Server Error): 'bone age deep learning'
  2024: 50 papers; top: 34 cites — 'The utilization of artificial intelligence in enhancing 3D/4D ultrasound analysis of fetal facial profiles'
  2025: 50 papers; top: 56 cites — 'Singular Pooling: A Spectral Pooling Paradigm for Second-Trimester Prenatal Level II Ultrasound Standard Fetal Plane Identification'
  2026: 50 papers; top: 11 cites — 'Artificial intelligence and radiomics for pediatric brain tumor classification and molecular characterization: a systematic review'
GitHub: repository leaderboards by stars...
    8849  MIC-DKFZ/nnUNet
    8652  Project-MONAI/MONAI
    4385  bowang-lab/MedSAM
    4317  OHIF/Viewers
    3234  Beckschen/TransUNet
    2962  wasserth/TotalSegmentator
    2612  Slicer/Slicer
    2439  TorchIO-project/torchio
    2418  HuCaoFighting/Swin-Unet
    2258  Tencent/MedicalNet
