Semantic Scholar: top-cited union (19 queries) for 'radiology_ai'...
  50 papers; top: 14326 cites — 'A survey on deep learning in medical image analysis'
  2008-2022: 50 papers; top: 14326 cites — 'A survey on deep learning in medical image analysis'
  2023-present: 50 papers; top: 2099 cites — 'Foundation models for generalist medical artificial intelligence'
  2023: 50 papers; top: 2099 cites — 'Foundation models for generalist medical artificial intelligence'
  2024: 50 papers; top: 1074 cites — 'VM-UNet: Vision Mamba UNet for Medical Image Segmentation'
  2025: 50 papers; top: 333 cites — 'ASAM: Anatomy-Encoded Segment Anything Model for Medical Images'
    [warn] Semantic Scholar search failed (HTTP Error 429: ): 'medical imaging foundation model'
  2026: 50 papers; top: 37 cites — 'Explainable artificial intelligence (XAI) in medical imaging: a systematic review of techniques, applications, and challenges'
Semantic Scholar: top-cited union (13 queries) for 'pediatric_radiology_ai'...
  50 papers; top: 458 cites — 'The RSNA Pediatric Bone Age Machine Learning Challenge.'
  2008-2022: 50 papers; top: 458 cites — 'The RSNA Pediatric Bone Age Machine Learning Challenge.'
  2023-present: 50 papers; top: 62 cites — 'Standard fetal ultrasound plane classification based on stacked ensemble of deep learning models'
  2023: 50 papers; top: 62 cites — 'Standard fetal ultrasound plane classification based on stacked ensemble of deep learning models'
  2024: 50 papers; top: 34 cites — 'The utilization of artificial intelligence in enhancing 3D/4D ultrasound analysis of fetal facial profiles'
  2025: 50 papers; top: 20 cites — 'Bone Age Assessment Using Various Medical Imaging Techniques Enhanced by Artificial Intelligence'
  2026: 50 papers; top: 11 cites — 'Artificial intelligence and radiomics for pediatric brain tumor classification and molecular characterization: a systematic review'
GitHub: repository leaderboards by stars...
    8849  MIC-DKFZ/nnUNet
    8652  Project-MONAI/MONAI
    4385  bowang-lab/MedSAM
    4317  OHIF/Viewers
    3234  Beckschen/TransUNet
    2962  wasserth/TotalSegmentator
    2612  Slicer/Slicer
    2439  TorchIO-project/torchio
    2418  HuCaoFighting/Swin-Unet
    2258  Tencent/MedicalNet
