Scanning newsletter archives...
  The Imaging Wire (wordpress)
    The Imaging Wire/newsletter: 489 items listed, 484 fetched so far, 5 skipped (server error)
    The Imaging Wire/legacy-newsletter: 354 items listed, 838 fetched so far
    -> 19327 stories, 6607 radiology-AI, 113 pediatric radiology-AI
  RSNA News (rsna_news)
    RSNA News: 1890 articles listed (277 bodies fetched)
    -> 1872 stories, 246 radiology-AI, 25 pediatric radiology-AI
  TLDR AI (tldr)
    TLDR AI: 695 issues (7 dates without an issue)
    -> 11625 stories, 23 radiology-AI, 1 pediatric radiology-AI
  TLDR Tech (tldr)
    TLDR Tech: 701 issues (1 dates without an issue)
    -> 10982 stories, 13 radiology-AI, 0 pediatric radiology-AI
  Signify Research (wordpress)
    Signify Research/posts: 649 items listed, 649 fetched so far
    -> 875 stories, 199 radiology-AI, 1 pediatric radiology-AI
  Radiology Business (rss)
    Radiology Business: 100 feed items
    -> 100 stories, 19 radiology-AI, 0 pediatric radiology-AI

Pediatric radiology-AI stories by source:
  The Imaging Wire      113 of  6607 radiology-AI stories  (2018-03-22 .. 2026-09-02)
  RSNA News              25 of   246 radiology-AI stories  (2014-01-01 .. 2026-09-01)
  TLDR AI                 1 of    23 radiology-AI stories  (2024-01-02 .. 2026-09-08)
  TLDR Tech               0 of    13 radiology-AI stories  (2024-01-02 .. 2026-09-08)
  Signify Research        1 of   199 radiology-AI stories  (2017-05-16 .. 2026-08-10)
  Radiology Business      0 of    19 radiology-AI stories  (2026-08-11 .. 2026-09-08)
  total: 140
