Pulling full yearly counts (queries x years)...
Modality x task cross-tabulations...
  crosstab modality x task for radiology_ai...
  crosstab modality x task for pediatric_radiology_ai...
Pediatric clinical-problem counts per era...
Computing RSNA-journal AI fraction...
Fetching top articles for radiology_ai...
Fetching top articles for pediatric_radiology_ai...

Headline summary:
  collected_on: 2026-09-07
  year_range: [2008, 2025]
  radiology_ai_latest: 20831
  radiology_ai_cagr: 0.21938659468823274
  pediatric_radiology_ai_latest: 2348
  pediatric_radiology_ai_cagr: 0.24321230479161304
  ai_share_of_radiology_first: 0.00824
  ai_share_of_radiology_latest: 0.11415
  pediatric_share_of_radiology_ai_latest: 0.11272
  partial_year: 2026
  radiology_ai_ytd: 16481
  pediatric_radiology_ai_ytd: 1897
  ai_share_of_radiology_ytd: 0.11916
  pediatric_share_of_radiology_ai_ytd: 0.1151
PUBMED_DONE
