{
  "n": 3528,
  "eras": {
    "2005\u20132014": 71,
    "2015\u20132019": 295,
    "2020\u20132022": 794,
    "2023\u20132024": 965,
    "2025": 685,
    "2026 YTD": 718
  },
  "topics": {
    "Fetal assessment / prenatal": 764,
    "Brain development / cognition": 357,
    "Autism / ADHD / psychiatric": 314,
    "Cardiac / congenital heart": 242,
    "Bone age / skeletal maturation": 178,
    "Brain / CNS tumors": 165,
    "Pulmonary infection": 162,
    "Scoliosis / spine deformity": 144,
    "Fracture / trauma / abuse": 139,
    "Epilepsy": 82,
    "Liver / biliary": 71,
    "Renal / urinary": 70,
    "Hip dysplasia": 60,
    "Acute abdomen": 44,
    "Chronic lung / airway": 39,
    "Hydrocephalus": 37,
    "Neonatal brain injury": 32,
    "Inflammatory bowel disease": 5
  },
  "datasets": {
    "ABCD": 83,
    "ABIDE": 42,
    "RSNA bone age": 42,
    "dHCP": 39,
    "ADHD-200": 33,
    "CBTN": 17,
    "GRAZPEDWRI-DX": 15,
    "Guangzhou / Kermany": 13,
    "BraTS-PEDs": 12,
    "PediCXR / VinDr-PCXR": 5,
    "FETAL_PLANES_DB": 5,
    "CheXpert (general resource)": 5,
    "FeTA": 4,
    "Regensburg appendicitis": 3,
    "Pediatric-CT-SEG": 2
  },
  "unmatched": 983
}
