Scanning newsletter archives...
  The Imaging Wire (wordpress)
    The Imaging Wire/newsletter: 495 items listed, 490 fetched so far, 5 skipped (server error)
    The Imaging Wire/legacy-newsletter: 354 items listed, 844 fetched so far
    -> 19533 stories, 6675 radiology-AI, 112 pediatric radiology-AI
  RSNA News (rsna_news)
    RSNA News: 1907 articles listed (277 bodies fetched)
    -> 1889 stories, 246 radiology-AI, 25 pediatric radiology-AI
  TLDR AI (tldr)
    TLDR AI: 711 issues (7 dates without an issue)
    -> 11923 stories, 24 radiology-AI, 1 pediatric radiology-AI
  TLDR Tech (tldr)
    TLDR Tech: 717 issues (1 dates without an issue)
    -> 11252 stories, 13 radiology-AI, 0 pediatric radiology-AI
  Signify Research (wordpress)
    Signify Research/posts: 650 items listed, 650 fetched so far
    -> 878 stories, 199 radiology-AI, 1 pediatric radiology-AI
  ESR / ECR (wordpress)
    ESR / ECR/posts: 209 items listed, 209 fetched so far
    ESR / ECR/ai-blog: 392 items listed, 601 fetched so far
    -> 1363 stories, 862 radiology-AI, 23 pediatric radiology-AI
  Radiology Business (rss)
    Radiology Business: 100 feed items
    -> 100 stories, 24 radiology-AI, 0 pediatric radiology-AI

Pediatric radiology-AI stories by source:
  The Imaging Wire      112 of  6675 radiology-AI stories  (2018-03-22 .. 2026-09-27)
  RSNA News              25 of   246 radiology-AI stories  (2014-01-01 .. 2026-09-01)
  TLDR AI                 1 of    24 radiology-AI stories  (2024-01-02 .. 2026-09-30)
  TLDR Tech               0 of    13 radiology-AI stories  (2024-01-02 .. 2026-09-30)
  Signify Research        1 of   199 radiology-AI stories  (2017-05-16 .. 2026-09-22)
  ESR / ECR              23 of   862 radiology-AI stories  (2019-02-14 .. 2026-09-28)
  Radiology Business      0 of    24 radiology-AI stories  (2026-09-01 .. 2026-09-30)
  total: 162
cache refresh: live window 2025-2026 | 25 re-fetched | 1922 reused | by rule: arxiv.query=1, newsletter.rsna-archive=1, newsletter.wp-index=23
