Journal counts 2015-2026 ...
  2015: 47 papers
  2016: 71 papers
  2017: 82 papers
  2018: 133 papers
  2019: 202 papers
  2020: 274 papers
  2021: 410 papers
  2022: 540 papers
  2023: 611 papers
  2024: 769 papers
  2025: 1037 papers
  2026: 986 papers
  1072 distinct journals
  looking up impact for 52 of 1072 journals
  OpenAlex matched 50 sources
  wrote /home/jrich/Desktop/pediatric_radiology_ai/data/processed/journal_impact.json
  5159 papers across 1071 journals (48 with an impact number)
     199  IF   1.71  Pediatric Radiology
     156  IF   5.18  Scientific Reports
     101  IF   5.13  European Radiology
      89  IF   4.23  NeuroImage
      89  IF   3.88  Diagnostics
      76  IF  11.62  Medical Image Analysis
      67  IF   3.89  Journal of Imaging Informatics in Medicine
      60  IF   1.88  Frontiers in Pediatrics
      55  IF   5.83  IEEE Journal of Biomedical and Health Informatics
      55  IF   3.34  PLoS ONE
cache refresh: live window 2025-2026 | 2 re-fetched | 58 reused | by rule: pubmed.esearch=2
