arXiv preprints: yearly counts per query...
  all_radiology: 6,316 preprints in 2025
  radiology_ai: 4,430 preprints in 2025
  pediatric_radiology: 117 preprints in 2025
  pediatric_radiology_ai: 105 preprints in 2025
  all_ai: 109,325 preprints in 2025
arXiv preprints: modality x task cross-tabulations...
  radiology_ai: 24,955 preprints total
  pediatric_radiology_ai: 487 preprints total
arXiv preprints: pediatric clinical problems per era...
  totals: {'2008-2022': 186, '2023-present': 301}
medRxiv preprints: yearly counts per query...
  all_radiology: 1,498 preprints in 2025
  radiology_ai: 351 preprints in 2025
  pediatric_radiology: 158 preprints in 2025
  pediatric_radiology_ai: 26 preprints in 2025
  all_ai: 1,687 preprints in 2025
medRxiv preprints: modality x task cross-tabulations...
  radiology_ai: 1,678 preprints total
  pediatric_radiology_ai: 118 preprints total
medRxiv preprints: pediatric clinical problems per era...
  totals: {'2008-2022': 28, '2023-present': 90}
Wrote data/processed/preprint_counts.json
cache refresh: live window 2025-2026 | 348 re-fetched | 218 reused | by rule: arxiv.query=174, europepmc.preprint-search=174
