Writing figures to /home/jrich/Desktop/pediatric_radiology_ai/figures
  wrote radiology_ai_trend.png
  wrote pediatric_share.png
  wrote volume_comparison.png
  wrote modality_breakdown.png
  wrote task_breakdown.png
  wrote ped_modality_breakdown.png
  wrote ped_task_breakdown.png
  wrote modality_by_task.png
  wrote task_by_modality.png
  wrote ped_modality_by_task.png
  wrote ped_task_by_modality.png
  wrote rsna_ai_share.png
  wrote ml_venue_radiology_share.png
  wrote society_ai_share.png
  wrote top_papers_radiology.png
  wrote top_papers_pediatric.png
  wrote top_papers_radiology_2008-2022.png
  wrote top_papers_pediatric_2008-2022.png
  wrote top_papers_radiology_2023-present.png
  wrote top_papers_pediatric_2023-present.png
  wrote ped_problems.png
  wrote github_stars.png
  wrote venue_works_by_year.png
  wrote newsletter_watch.png
  wrote newsletter_radiology_ai.png
  wrote newsletter_by_source.png
  wrote newsletter_players.png
  wrote fda_devices_per_year.png
  wrote fda_companies.png
  wrote commercial_companies_by_year.png
  wrote commercial_problems.png
  wrote journal_impact_2015.png
  wrote journal_impact_2016.png
  wrote journal_impact_2017.png
  wrote journal_impact_2018.png
  wrote journal_impact_2019.png
  wrote journal_impact_2020.png
  wrote journal_impact_2021.png
  wrote journal_impact_2022.png
  wrote journal_impact_2023.png
  wrote journal_impact_2024.png
  wrote journal_impact_2025.png
  wrote journal_impact_2026.png
  wrote journal_impact.png
  wrote journal_impact.gif (12 frames)
  wrote journal_impact_2023_2026.png
Done.
