Pulling full yearly counts (queries x years)...
Modality x task cross-tabulations...
  crosstab modality x task for radiology_ai...
  crosstab modality x task for pediatric_radiology_ai...
Pediatric clinical-problem counts per era...
Computing RSNA-journal AI fraction...
Fetching top articles for radiology_ai...
Fetching top articles for pediatric_radiology_ai...

Headline summary:
  collected_on: 2026-09-30
  year_range: [2008, 2025]
  radiology_ai_latest: 20819
  radiology_ai_cagr: 0.21934526316771685
  pediatric_radiology_ai_latest: 2343
  pediatric_radiology_ai_cagr: 0.24305641995186877
  ai_share_of_radiology_first: 0.00824
  ai_share_of_radiology_latest: 0.11407
  pediatric_share_of_radiology_ai_latest: 0.11254
  partial_year: 2026
  radiology_ai_ytd: 18032
  pediatric_radiology_ai_ytd: 2075
  ai_share_of_radiology_ytd: 0.12062
  pediatric_share_of_radiology_ai_ytd: 0.11507
cache refresh: live window 2025-2026 | 240 re-fetched | 653 reused | by rule: pubmed.esearch=240
