wrote /home/jrich/Desktop/pediatric_radiology_ai/data/processed/pediatric_radiology_ai.csv  (7590 papers, 56 columns)
  wrote /home/jrich/Desktop/pediatric_radiology_ai/data/processed/pediatric_radiology_ai_summary.json
  by record type:
      3528  corpus
      2684  screened_out
       463  non_primary
       393  conference_proceeding
       282  most_cited
       231  venue_work
         9  embase_not_retrieved
  by publication form:
      6613  journal article
       491  preprint
       486  conference paper
  by source file:
      7068  pedrad_paper_db.json
      1779  embase_unique_rows.json
       269  conference_works.json
        50  top_papers_pediatric_radiology_ai_2025.json
        50  top_papers_pediatric_radiology_ai_2026.json
        50  top_papers_radiology_ai_2026.json
        50  top_papers_pediatric_radiology_ai_2024.json
        50  top_papers_pediatric_radiology_ai_2023-present.json
        50  top_papers_pediatric_radiology_ai_2023.json
        50  top_papers_pediatric_radiology_ai.json
        50  top_papers_pediatric_radiology_ai_2008-2022.json
        50  top_papers_radiology_ai_2025.json
        50  top_papers_radiology_ai_2023-present.json
        50  top_papers_radiology_ai_2024.json
        50  top_papers_radiology_ai_2023.json
        50  top_papers_radiology_ai.json
        50  top_papers_radiology_ai_2008-2022.json
