wrote /home/jrich/Desktop/pediatric_radiology_ai/data/processed/pediatric_radiology_ai.csv  (7761 papers, 56 columns)
  wrote /home/jrich/Desktop/pediatric_radiology_ai/data/processed/pediatric_radiology_ai_summary.json
  by record type:
      3496  corpus
      2734  screened_out
       559  conference_proceeding
       456  non_primary
       277  most_cited
       230  venue_work
         9  embase_not_retrieved
  by publication form:
      6561  journal article
       651  conference paper
       549  preprint
  by source file:
      7245  pedrad_paper_db.json
      1779  embase_unique_rows.json
       269  conference_works.json
        50  top_papers_pediatric_radiology_ai_2025.json
        50  top_papers_pediatric_radiology_ai_2026.json
        50  top_papers_radiology_ai_2026.json
        50  top_papers_pediatric_radiology_ai_2024.json
        50  top_papers_pediatric_radiology_ai_2023-present.json
        50  top_papers_pediatric_radiology_ai_2023.json
        50  top_papers_pediatric_radiology_ai.json
        50  top_papers_pediatric_radiology_ai_2008-2022.json
        50  top_papers_radiology_ai_2025.json
        50  top_papers_radiology_ai_2023-present.json
        50  top_papers_radiology_ai_2024.json
        50  top_papers_radiology_ai_2023.json
        50  top_papers_radiology_ai.json
        50  top_papers_radiology_ai_2008-2022.json
