Rc files read (in order):
  NONE
Latexmk: This is Latexmk, John Collins, 9 March 2026. Version 4.88.
Latexmk: applying rule 'xelatex'...
Rule 'xelatex':  Reasons for rerun
Changed files or newly in use/created:
  pedrad_ai_slides.tex
Category 'changed_user':
  pedrad_ai_slides.tex

------------
Run number 1 of rule 'xelatex'
------------
------------
Running 'xelatex -no-pdf -interaction=nonstopmode -recorder  "pedrad_ai_slides.tex"'
------------
This is XeTeX, Version 3.141592653-2.6-0.999998 (TeX Live 2026) (preloaded format=xelatex)
 restricted \write18 enabled.
entering extended mode
(./pedrad_ai_slides.tex
LaTeX2e <2025-11-01>
L3 programming layer <2026-03-20>
(/home/jrich/opt/texlive/texmf-dist/tex/latex/beamer/beamer.cls
Document Class: beamer 2026/01/22 v3.77 A class for typesetting presentations
(/home/jrich/opt/texlive/texmf-dist/tex/latex/beamer/beamerbasemodes.sty
(/home/jrich/opt/texlive/texmf-dist/tex/latex/etoolbox/etoolbox.sty)
(/home/jrich/opt/texlive/texmf-dist/tex/latex/beamer/beamerbasedecode.sty))
(/home/jrich/opt/texlive/texmf-dist/tex/generic/iftex/iftex.sty)
(/home/jrich/opt/texlive/texmf-dist/tex/latex/beamer/beamerbaseoptions.sty
(/home/jrich/opt/texlive/texmf-dist/tex/latex/graphics/keyval.sty))
(/home/jrich/opt/texlive/texmf-dist/tex/latex/geometry/geometry.sty
(/home/jrich/opt/texlive/texmf-dist/tex/generic/iftex/ifvtex.sty))
(/home/jrich/opt/texlive/texmf-dist/tex/latex/pgf/math/pgfmath.sty
(/home/jrich/opt/texlive/texmf-dist/tex/latex/pgf/utilities/pgfrcs.sty
(/home/jrich/opt/texlive/texmf-dist/tex/generic/pgf/utilities/pgfutil-common.te
x)
(/home/jrich/opt/texlive/texmf-dist/tex/generic/pgf/utilities/pgfutil-latex.def
) (/home/jrich/opt/texlive/texmf-dist/tex/generic/pgf/utilities/pgfrcs.code.tex
(/home/jrich/opt/texlive/texmf-dist/tex/generic/pgf/pgf.revision.tex)))
(/home/jrich/opt/texlive/texmf-dist/tex/latex/pgf/utilities/pgfkeys.sty
(/home/jrich/opt/texlive/texmf-dist/tex/generic/pgf/utilities/pgfkeys.code.tex
(/home/jrich/opt/texlive/texmf-dist/tex/generic/pgf/utilities/pgfkeyslibraryfil
tered.code.tex)))
(/home/jrich/opt/texlive/texmf-dist/tex/generic/pgf/math/pgfmath.code.tex
(/home/jrich/opt/texlive/texmf-dist/tex/generic/pgf/math/pgfmathutil.code.tex)
(/home/jrich/opt/texlive/texmf-dist/tex/generic/pgf/math/pgfmathparser.code.tex
)
(/home/jrich/opt/texlive/texmf-dist/tex/generic/pgf/math/pgfmathfunctions.code.
tex)
(/home/jrich/opt/texlive/texmf-dist/tex/generic/pgf/math/pgfmathfunctions.basic
.code.tex)
(/home/jrich/opt/texlive/texmf-dist/tex/generic/pgf/math/pgfmathfunctions.trigo
nometric.code.tex)
(/home/jrich/opt/texlive/texmf-dist/tex/generic/pgf/math/pgfmathfunctions.rando
m.code.tex)
(/home/jrich/opt/texlive/texmf-dist/tex/generic/pgf/math/pgfmathfunctions.compa
rison.code.tex)
(/home/jrich/opt/texlive/texmf-dist/tex/generic/pgf/math/pgfmathfunctions.base.
code.tex)
(/home/jrich/opt/texlive/texmf-dist/tex/generic/pgf/math/pgfmathfunctions.round
.code.tex)
(/home/jrich/opt/texlive/texmf-dist/tex/generic/pgf/math/pgfmathfunctions.misc.
code.tex)
(/home/jrich/opt/texlive/texmf-dist/tex/generic/pgf/math/pgfmathfunctions.integ
erarithmetics.code.tex)
(/home/jrich/opt/texlive/texmf-dist/tex/generic/pgf/math/pgfmathcalc.code.tex)
(/home/jrich/opt/texlive/texmf-dist/tex/generic/pgf/math/pgfmathfloat.code.tex)
)) (/home/jrich/opt/texlive/texmf-dist/tex/latex/base/size11.clo)
(/home/jrich/opt/texlive/texmf-dist/tex/latex/pgf/basiclayer/pgfcore.sty
(/home/jrich/opt/texlive/texmf-dist/tex/latex/graphics/graphicx.sty
(/home/jrich/opt/texlive/texmf-dist/tex/latex/graphics/graphics.sty
(/home/jrich/opt/texlive/texmf-dist/tex/latex/graphics/trig.sty)
(/home/jrich/opt/texlive/texmf-dist/tex/latex/graphics-cfg/graphics.cfg)
(/home/jrich/opt/texlive/texmf-dist/tex/latex/graphics-def/xetex.def)))
(/home/jrich/opt/texlive/texmf-dist/tex/latex/pgf/systemlayer/pgfsys.sty
(/home/jrich/opt/texlive/texmf-dist/tex/generic/pgf/systemlayer/pgfsys.code.tex
(/home/jrich/opt/texlive/texmf-dist/tex/generic/pgf/systemlayer/pgf.cfg)
(/home/jrich/opt/texlive/texmf-dist/tex/generic/pgf/systemlayer/pgfsys-xetex.de
f
(/home/jrich/opt/texlive/texmf-dist/tex/generic/pgf/systemlayer/pgfsys-dvipdfmx
.def
(/home/jrich/opt/texlive/texmf-dist/tex/generic/pgf/systemlayer/pgfsys-common-p
df.def))))
(/home/jrich/opt/texlive/texmf-dist/tex/generic/pgf/systemlayer/pgfsyssoftpath.
code.tex)
(/home/jrich/opt/texlive/texmf-dist/tex/generic/pgf/systemlayer/pgfsysprotocol.
code.tex)) (/home/jrich/opt/texlive/texmf-dist/tex/latex/xcolor/xcolor.sty
(/home/jrich/opt/texlive/texmf-dist/tex/latex/graphics-cfg/color.cfg)
(/home/jrich/opt/texlive/texmf-dist/tex/latex/graphics/mathcolor.ltx))
(/home/jrich/opt/texlive/texmf-dist/tex/generic/pgf/basiclayer/pgfcore.code.tex
(/home/jrich/opt/texlive/texmf-dist/tex/generic/pgf/math/pgfint.code.tex)
(/home/jrich/opt/texlive/texmf-dist/tex/generic/pgf/basiclayer/pgfcorepoints.co
de.tex)
(/home/jrich/opt/texlive/texmf-dist/tex/generic/pgf/basiclayer/pgfcorepathconst
ruct.code.tex)
(/home/jrich/opt/texlive/texmf-dist/tex/generic/pgf/basiclayer/pgfcorepathusage
.code.tex)
(/home/jrich/opt/texlive/texmf-dist/tex/generic/pgf/basiclayer/pgfcorescopes.co
de.tex)
(/home/jrich/opt/texlive/texmf-dist/tex/generic/pgf/basiclayer/pgfcoregraphicst
ate.code.tex)
(/home/jrich/opt/texlive/texmf-dist/tex/generic/pgf/basiclayer/pgfcoretransform
ations.code.tex)
(/home/jrich/opt/texlive/texmf-dist/tex/generic/pgf/basiclayer/pgfcorequick.cod
e.tex)
(/home/jrich/opt/texlive/texmf-dist/tex/generic/pgf/basiclayer/pgfcoreobjects.c
ode.tex)
(/home/jrich/opt/texlive/texmf-dist/tex/generic/pgf/basiclayer/pgfcorepathproce
ssing.code.tex)
(/home/jrich/opt/texlive/texmf-dist/tex/generic/pgf/basiclayer/pgfcorearrows.co
de.tex)
(/home/jrich/opt/texlive/texmf-dist/tex/generic/pgf/basiclayer/pgfcoreshade.cod
e.tex)
(/home/jrich/opt/texlive/texmf-dist/tex/generic/pgf/basiclayer/pgfcoreimage.cod
e.tex)
(/home/jrich/opt/texlive/texmf-dist/tex/generic/pgf/basiclayer/pgfcoreexternal.
code.tex)
(/home/jrich/opt/texlive/texmf-dist/tex/generic/pgf/basiclayer/pgfcorelayers.co
de.tex)
(/home/jrich/opt/texlive/texmf-dist/tex/generic/pgf/basiclayer/pgfcoretranspare
ncy.code.tex)
(/home/jrich/opt/texlive/texmf-dist/tex/generic/pgf/basiclayer/pgfcorepatterns.
code.tex)
(/home/jrich/opt/texlive/texmf-dist/tex/generic/pgf/basiclayer/pgfcorerdf.code.
tex))) (/home/jrich/opt/texlive/texmf-dist/tex/latex/pgf/utilities/xxcolor.sty)
 (/home/jrich/opt/texlive/texmf-dist/tex/latex/base/atbegshi-ltx.sty)
(/home/jrich/opt/texlive/texmf-dist/tex/latex/hyperref/hyperref.sty
(/home/jrich/opt/texlive/texmf-dist/tex/latex/kvsetkeys/kvsetkeys.sty)
(/home/jrich/opt/texlive/texmf-dist/tex/generic/kvdefinekeys/kvdefinekeys.sty)
(/home/jrich/opt/texlive/texmf-dist/tex/generic/pdfescape/pdfescape.sty
(/home/jrich/opt/texlive/texmf-dist/tex/generic/ltxcmds/ltxcmds.sty)
(/home/jrich/opt/texlive/texmf-dist/tex/generic/pdftexcmds/pdftexcmds.sty
(/home/jrich/opt/texlive/texmf-dist/tex/generic/infwarerr/infwarerr.sty)))
(/home/jrich/opt/texlive/texmf-dist/tex/latex/hycolor/hycolor.sty)
(/home/jrich/opt/texlive/texmf-dist/tex/latex/hyperref/nameref.sty
(/home/jrich/opt/texlive/texmf-dist/tex/latex/refcount/refcount.sty)
(/home/jrich/opt/texlive/texmf-dist/tex/generic/gettitlestring/gettitlestring.s
ty (/home/jrich/opt/texlive/texmf-dist/tex/latex/kvoptions/kvoptions.sty)))
(/home/jrich/opt/texlive/texmf-dist/tex/generic/stringenc/stringenc.sty)
(/home/jrich/opt/texlive/texmf-dist/tex/latex/hyperref/pd1enc.def)
(/home/jrich/opt/texlive/texmf-dist/tex/generic/intcalc/intcalc.sty)
(/home/jrich/opt/texlive/texmf-dist/tex/latex/hyperref/puenc.def)
(/home/jrich/opt/texlive/texmf-dist/tex/latex/url/url.sty)
(/home/jrich/opt/texlive/texmf-dist/tex/generic/bitset/bitset.sty
(/home/jrich/opt/texlive/texmf-dist/tex/generic/bigintcalc/bigintcalc.sty))

Package hyperref Message: Stopped early.

) (/home/jrich/opt/texlive/texmf-dist/tex/latex/hyperref/hxetex.def
(/home/jrich/opt/texlive/texmf-dist/tex/latex/rerunfilecheck/rerunfilecheck.sty

(/home/jrich/opt/texlive/texmf-dist/tex/generic/uniquecounter/uniquecounter.sty
))) (/home/jrich/opt/texlive/texmf-dist/tex/latex/beamer/beamerbaserequires.sty

(/home/jrich/opt/texlive/texmf-dist/tex/latex/beamer/beamerbasecompatibility.st
y) (/home/jrich/opt/texlive/texmf-dist/tex/latex/beamer/beamerbasefont.sty
(/home/jrich/opt/texlive/texmf-dist/tex/latex/amsfonts/amssymb.sty
(/home/jrich/opt/texlive/texmf-dist/tex/latex/amsfonts/amsfonts.sty))
(/home/jrich/opt/texlive/texmf-dist/tex/latex/sansmathaccent/sansmathaccent.sty
(/home/jrich/opt/texlive/texmf-dist/tex/latex/koma-script/scrlfile.sty
(/home/jrich/opt/texlive/texmf-dist/tex/latex/koma-script/scrlfile-hook.sty
(/home/jrich/opt/texlive/texmf-dist/tex/latex/koma-script/scrlogo.sty)))))
(/home/jrich/opt/texlive/texmf-dist/tex/latex/beamer/beamerbasetranslator.sty
(/home/jrich/opt/texlive/texmf-dist/tex/latex/translator/translator.sty))
(/home/jrich/opt/texlive/texmf-dist/tex/latex/beamer/beamerbasemisc.sty)
(/home/jrich/opt/texlive/texmf-dist/tex/latex/beamer/beamerbasetwoscreens.sty)
(/home/jrich/opt/texlive/texmf-dist/tex/latex/beamer/beamerbaseoverlay.sty)
(/home/jrich/opt/texlive/texmf-dist/tex/latex/beamer/beamerbasetitle.sty)
(/home/jrich/opt/texlive/texmf-dist/tex/latex/beamer/beamerbasesection.sty)
(/home/jrich/opt/texlive/texmf-dist/tex/latex/beamer/beamerbaseframe.sty)
(/home/jrich/opt/texlive/texmf-dist/tex/latex/beamer/beamerbaseverbatim.sty)
(/home/jrich/opt/texlive/texmf-dist/tex/latex/beamer/beamerbaseframesize.sty)
(/home/jrich/opt/texlive/texmf-dist/tex/latex/beamer/beamerbaseframecomponents.
sty) (/home/jrich/opt/texlive/texmf-dist/tex/latex/beamer/beamerbasecolor.sty)
(/home/jrich/opt/texlive/texmf-dist/tex/latex/beamer/beamerbasenotes.sty)
(/home/jrich/opt/texlive/texmf-dist/tex/latex/beamer/beamerbasetoc.sty)
(/home/jrich/opt/texlive/texmf-dist/tex/latex/beamer/beamerbasetemplates.sty
(/home/jrich/opt/texlive/texmf-dist/tex/latex/beamer/beamerbaseauxtemplates.sty
(/home/jrich/opt/texlive/texmf-dist/tex/latex/beamer/beamerbaseboxes.sty)))
(/home/jrich/opt/texlive/texmf-dist/tex/latex/beamer/beamerbaselocalstructure.s
ty (/home/jrich/opt/texlive/texmf-dist/tex/latex/tools/enumerate.sty))
(/home/jrich/opt/texlive/texmf-dist/tex/latex/beamer/beamerbasenavigation.sty
(/home/jrich/opt/texlive/texmf-dist/tex/latex/beamer/beamerbasenavigationsymbol
s.tex))
(/home/jrich/opt/texlive/texmf-dist/tex/latex/beamer/beamerbasetheorems.sty
(/home/jrich/opt/texlive/texmf-dist/tex/latex/amsmath/amsmath.sty
For additional information on amsmath, use the `?' option.
(/home/jrich/opt/texlive/texmf-dist/tex/latex/amsmath/amstext.sty
(/home/jrich/opt/texlive/texmf-dist/tex/latex/amsmath/amsgen.sty))
(/home/jrich/opt/texlive/texmf-dist/tex/latex/amsmath/amsbsy.sty)
(/home/jrich/opt/texlive/texmf-dist/tex/latex/amsmath/amsopn.sty))
(/home/jrich/opt/texlive/texmf-dist/tex/latex/amscls/amsthm.sty))
(/home/jrich/opt/texlive/texmf-dist/tex/latex/beamer/beamerbasethemes.sty))
(/home/jrich/opt/texlive/texmf-dist/tex/latex/beamer/beamerthemedefault.sty
(/home/jrich/opt/texlive/texmf-dist/tex/latex/beamer/beamerfontthemedefault.sty
)
(/home/jrich/opt/texlive/texmf-dist/tex/latex/beamer/beamercolorthemedefault.st
y)
(/home/jrich/opt/texlive/texmf-dist/tex/latex/beamer/beamerinnerthemedefault.st
y)
(/home/jrich/opt/texlive/texmf-dist/tex/latex/beamer/beamerouterthemedefault.st
y))) (/home/jrich/opt/texlive/texmf-dist/tex/latex/beamer/beamerthemeMadrid.sty
(/home/jrich/opt/texlive/texmf-dist/tex/latex/beamer/beamercolorthemewhale.sty)

(/home/jrich/opt/texlive/texmf-dist/tex/latex/beamer/beamercolorthemeorchid.sty
)
(/home/jrich/opt/texlive/texmf-dist/tex/latex/beamer/beamerinnerthemerounded.st
y)
(/home/jrich/opt/texlive/texmf-dist/tex/latex/beamer/beamerouterthemeinfolines.
sty)) (/home/jrich/opt/texlive/texmf-dist/tex/latex/fontspec/fontspec.sty
(/home/jrich/opt/texlive/texmf-dist/tex/latex/l3packages/xparse/xparse.sty
(/home/jrich/opt/texlive/texmf-dist/tex/latex/l3kernel/expl3.sty
(/home/jrich/opt/texlive/texmf-dist/tex/latex/l3backend/l3backend-xetex.def)))
(/home/jrich/opt/texlive/texmf-dist/tex/latex/fontspec/fontspec-xetex.sty
(/home/jrich/opt/texlive/texmf-dist/tex/latex/base/fontenc.sty)
(/home/jrich/opt/texlive/texmf-dist/tex/latex/fontspec/fontspec.cfg)))
(/home/jrich/opt/texlive/texmf-dist/tex/latex/tools/array.sty)
(/home/jrich/opt/texlive/texmf-dist/tex/latex/adjustbox/adjustbox.sty
(/home/jrich/opt/texlive/texmf-dist/tex/latex/xkeyval/xkeyval.sty
(/home/jrich/opt/texlive/texmf-dist/tex/generic/xkeyval/xkeyval.tex
(/home/jrich/opt/texlive/texmf-dist/tex/generic/xkeyval/xkvutils.tex)))
(/home/jrich/opt/texlive/texmf-dist/tex/latex/adjustbox/adjcalc.sty)
(/home/jrich/opt/texlive/texmf-dist/tex/latex/adjustbox/trimclip.sty
(/home/jrich/opt/texlive/texmf-dist/tex/latex/collectbox/collectbox.sty)
(/home/jrich/opt/texlive/texmf-dist/tex/latex/adjustbox/tc-xetex.def))
(/home/jrich/opt/texlive/texmf-dist/tex/latex/ifoddpage/ifoddpage.sty)
(/home/jrich/opt/texlive/texmf-dist/tex/latex/varwidth/varwidth.sty)
==> First Aid for varwidth.sty applied!
) (./pedrad_ai_slides.aux)
*geometry* driver: auto-detecting
*geometry* detected driver: xetex
(./pedrad_ai_slides.out) (./pedrad_ai_slides.out)
(/home/jrich/opt/texlive/texmf-dist/tex/latex/translator/translator-basic-dicti
onary-English.dict)
(/home/jrich/opt/texlive/texmf-dist/tex/latex/translator/translator-bibliograph
y-dictionary-English.dict)
(/home/jrich/opt/texlive/texmf-dist/tex/latex/translator/translator-environment
-dictionary-English.dict)
(/home/jrich/opt/texlive/texmf-dist/tex/latex/translator/translator-months-dict
ionary-English.dict)
(/home/jrich/opt/texlive/texmf-dist/tex/latex/translator/translator-numbers-dic
tionary-English.dict)
(/home/jrich/opt/texlive/texmf-dist/tex/latex/translator/translator-theorem-dic
tionary-English.dict) (./pedrad_ai_slides.nav) [1] [2]
(/home/jrich/opt/texlive/texmf-dist/tex/latex/amsfonts/umsa.fd)
(/home/jrich/opt/texlive/texmf-dist/tex/latex/amsfonts/umsb.fd) [3] [4]
[5]
Overfull \vbox (5.88428pt too high) detected at line 137
[6]
Overfull \vbox (15.56476pt too high) detected at line 143
[7] [8] [9] [10] [11] [12] [13]
Overfull \vbox (2.12143pt too high) detected at line 229
[14] [15] [16] [17] [18] [19] [20] [21] [22] [23] [24] [25] [26] [27] [28]
[29] [30] [31] [32] [33] [34] [35] [36] [37] [38] [39] [40] [41] [42] [43]
[44] [45] [46] [47] [48] [49] [50] [51] [52] [53] [54] [55] [56] [57] [58]
[59] [60] (./pedrad_ai_slides.aux) )
(see the transcript file for additional information)
Output written on pedrad_ai_slides.xdv (60 pages, 965148 bytes).
Transcript written on pedrad_ai_slides.log.
Latexmk: Getting log file 'pedrad_ai_slides.log'
Latexmk: Examining 'pedrad_ai_slides.fls'
Latexmk: Examining 'pedrad_ai_slides.log'
Latexmk: Log file says output to 'pedrad_ai_slides.xdv'
Latexmk: applying rule 'xelatex'...
Rule 'xelatex':  Reasons for rerun
Changed files or newly in use/created:
  pedrad_ai_slides.aux
  pedrad_ai_slides.nav

------------
Run number 2 of rule 'xelatex'
------------
------------
Running 'xelatex -no-pdf -interaction=nonstopmode -recorder  "pedrad_ai_slides.tex"'
------------
This is XeTeX, Version 3.141592653-2.6-0.999998 (TeX Live 2026) (preloaded format=xelatex)
 restricted \write18 enabled.
entering extended mode
(./pedrad_ai_slides.tex
LaTeX2e <2025-11-01>
L3 programming layer <2026-03-20>
(/home/jrich/opt/texlive/texmf-dist/tex/latex/beamer/beamer.cls
Document Class: beamer 2026/01/22 v3.77 A class for typesetting presentations
(/home/jrich/opt/texlive/texmf-dist/tex/latex/beamer/beamerbasemodes.sty
(/home/jrich/opt/texlive/texmf-dist/tex/latex/etoolbox/etoolbox.sty)
(/home/jrich/opt/texlive/texmf-dist/tex/latex/beamer/beamerbasedecode.sty))
(/home/jrich/opt/texlive/texmf-dist/tex/generic/iftex/iftex.sty)
(/home/jrich/opt/texlive/texmf-dist/tex/latex/beamer/beamerbaseoptions.sty
(/home/jrich/opt/texlive/texmf-dist/tex/latex/graphics/keyval.sty))
(/home/jrich/opt/texlive/texmf-dist/tex/latex/geometry/geometry.sty
(/home/jrich/opt/texlive/texmf-dist/tex/generic/iftex/ifvtex.sty))
(/home/jrich/opt/texlive/texmf-dist/tex/latex/pgf/math/pgfmath.sty
(/home/jrich/opt/texlive/texmf-dist/tex/latex/pgf/utilities/pgfrcs.sty
(/home/jrich/opt/texlive/texmf-dist/tex/generic/pgf/utilities/pgfutil-common.te
x)
(/home/jrich/opt/texlive/texmf-dist/tex/generic/pgf/utilities/pgfutil-latex.def
) (/home/jrich/opt/texlive/texmf-dist/tex/generic/pgf/utilities/pgfrcs.code.tex
(/home/jrich/opt/texlive/texmf-dist/tex/generic/pgf/pgf.revision.tex)))
(/home/jrich/opt/texlive/texmf-dist/tex/latex/pgf/utilities/pgfkeys.sty
(/home/jrich/opt/texlive/texmf-dist/tex/generic/pgf/utilities/pgfkeys.code.tex
(/home/jrich/opt/texlive/texmf-dist/tex/generic/pgf/utilities/pgfkeyslibraryfil
tered.code.tex)))
(/home/jrich/opt/texlive/texmf-dist/tex/generic/pgf/math/pgfmath.code.tex
(/home/jrich/opt/texlive/texmf-dist/tex/generic/pgf/math/pgfmathutil.code.tex)
(/home/jrich/opt/texlive/texmf-dist/tex/generic/pgf/math/pgfmathparser.code.tex
)
(/home/jrich/opt/texlive/texmf-dist/tex/generic/pgf/math/pgfmathfunctions.code.
tex)
(/home/jrich/opt/texlive/texmf-dist/tex/generic/pgf/math/pgfmathfunctions.basic
.code.tex)
(/home/jrich/opt/texlive/texmf-dist/tex/generic/pgf/math/pgfmathfunctions.trigo
nometric.code.tex)
(/home/jrich/opt/texlive/texmf-dist/tex/generic/pgf/math/pgfmathfunctions.rando
m.code.tex)
(/home/jrich/opt/texlive/texmf-dist/tex/generic/pgf/math/pgfmathfunctions.compa
rison.code.tex)
(/home/jrich/opt/texlive/texmf-dist/tex/generic/pgf/math/pgfmathfunctions.base.
code.tex)
(/home/jrich/opt/texlive/texmf-dist/tex/generic/pgf/math/pgfmathfunctions.round
.code.tex)
(/home/jrich/opt/texlive/texmf-dist/tex/generic/pgf/math/pgfmathfunctions.misc.
code.tex)
(/home/jrich/opt/texlive/texmf-dist/tex/generic/pgf/math/pgfmathfunctions.integ
erarithmetics.code.tex)
(/home/jrich/opt/texlive/texmf-dist/tex/generic/pgf/math/pgfmathcalc.code.tex)
(/home/jrich/opt/texlive/texmf-dist/tex/generic/pgf/math/pgfmathfloat.code.tex)
)) (/home/jrich/opt/texlive/texmf-dist/tex/latex/base/size11.clo)
(/home/jrich/opt/texlive/texmf-dist/tex/latex/pgf/basiclayer/pgfcore.sty
(/home/jrich/opt/texlive/texmf-dist/tex/latex/graphics/graphicx.sty
(/home/jrich/opt/texlive/texmf-dist/tex/latex/graphics/graphics.sty
(/home/jrich/opt/texlive/texmf-dist/tex/latex/graphics/trig.sty)
(/home/jrich/opt/texlive/texmf-dist/tex/latex/graphics-cfg/graphics.cfg)
(/home/jrich/opt/texlive/texmf-dist/tex/latex/graphics-def/xetex.def)))
(/home/jrich/opt/texlive/texmf-dist/tex/latex/pgf/systemlayer/pgfsys.sty
(/home/jrich/opt/texlive/texmf-dist/tex/generic/pgf/systemlayer/pgfsys.code.tex
(/home/jrich/opt/texlive/texmf-dist/tex/generic/pgf/systemlayer/pgf.cfg)
(/home/jrich/opt/texlive/texmf-dist/tex/generic/pgf/systemlayer/pgfsys-xetex.de
f
(/home/jrich/opt/texlive/texmf-dist/tex/generic/pgf/systemlayer/pgfsys-dvipdfmx
.def
(/home/jrich/opt/texlive/texmf-dist/tex/generic/pgf/systemlayer/pgfsys-common-p
df.def))))
(/home/jrich/opt/texlive/texmf-dist/tex/generic/pgf/systemlayer/pgfsyssoftpath.
code.tex)
(/home/jrich/opt/texlive/texmf-dist/tex/generic/pgf/systemlayer/pgfsysprotocol.
code.tex)) (/home/jrich/opt/texlive/texmf-dist/tex/latex/xcolor/xcolor.sty
(/home/jrich/opt/texlive/texmf-dist/tex/latex/graphics-cfg/color.cfg)
(/home/jrich/opt/texlive/texmf-dist/tex/latex/graphics/mathcolor.ltx))
(/home/jrich/opt/texlive/texmf-dist/tex/generic/pgf/basiclayer/pgfcore.code.tex
(/home/jrich/opt/texlive/texmf-dist/tex/generic/pgf/math/pgfint.code.tex)
(/home/jrich/opt/texlive/texmf-dist/tex/generic/pgf/basiclayer/pgfcorepoints.co
de.tex)
(/home/jrich/opt/texlive/texmf-dist/tex/generic/pgf/basiclayer/pgfcorepathconst
ruct.code.tex)
(/home/jrich/opt/texlive/texmf-dist/tex/generic/pgf/basiclayer/pgfcorepathusage
.code.tex)
(/home/jrich/opt/texlive/texmf-dist/tex/generic/pgf/basiclayer/pgfcorescopes.co
de.tex)
(/home/jrich/opt/texlive/texmf-dist/tex/generic/pgf/basiclayer/pgfcoregraphicst
ate.code.tex)
(/home/jrich/opt/texlive/texmf-dist/tex/generic/pgf/basiclayer/pgfcoretransform
ations.code.tex)
(/home/jrich/opt/texlive/texmf-dist/tex/generic/pgf/basiclayer/pgfcorequick.cod
e.tex)
(/home/jrich/opt/texlive/texmf-dist/tex/generic/pgf/basiclayer/pgfcoreobjects.c
ode.tex)
(/home/jrich/opt/texlive/texmf-dist/tex/generic/pgf/basiclayer/pgfcorepathproce
ssing.code.tex)
(/home/jrich/opt/texlive/texmf-dist/tex/generic/pgf/basiclayer/pgfcorearrows.co
de.tex)
(/home/jrich/opt/texlive/texmf-dist/tex/generic/pgf/basiclayer/pgfcoreshade.cod
e.tex)
(/home/jrich/opt/texlive/texmf-dist/tex/generic/pgf/basiclayer/pgfcoreimage.cod
e.tex)
(/home/jrich/opt/texlive/texmf-dist/tex/generic/pgf/basiclayer/pgfcoreexternal.
code.tex)
(/home/jrich/opt/texlive/texmf-dist/tex/generic/pgf/basiclayer/pgfcorelayers.co
de.tex)
(/home/jrich/opt/texlive/texmf-dist/tex/generic/pgf/basiclayer/pgfcoretranspare
ncy.code.tex)
(/home/jrich/opt/texlive/texmf-dist/tex/generic/pgf/basiclayer/pgfcorepatterns.
code.tex)
(/home/jrich/opt/texlive/texmf-dist/tex/generic/pgf/basiclayer/pgfcorerdf.code.
tex))) (/home/jrich/opt/texlive/texmf-dist/tex/latex/pgf/utilities/xxcolor.sty)
 (/home/jrich/opt/texlive/texmf-dist/tex/latex/base/atbegshi-ltx.sty)
(/home/jrich/opt/texlive/texmf-dist/tex/latex/hyperref/hyperref.sty
(/home/jrich/opt/texlive/texmf-dist/tex/latex/kvsetkeys/kvsetkeys.sty)
(/home/jrich/opt/texlive/texmf-dist/tex/generic/kvdefinekeys/kvdefinekeys.sty)
(/home/jrich/opt/texlive/texmf-dist/tex/generic/pdfescape/pdfescape.sty
(/home/jrich/opt/texlive/texmf-dist/tex/generic/ltxcmds/ltxcmds.sty)
(/home/jrich/opt/texlive/texmf-dist/tex/generic/pdftexcmds/pdftexcmds.sty
(/home/jrich/opt/texlive/texmf-dist/tex/generic/infwarerr/infwarerr.sty)))
(/home/jrich/opt/texlive/texmf-dist/tex/latex/hycolor/hycolor.sty)
(/home/jrich/opt/texlive/texmf-dist/tex/latex/hyperref/nameref.sty
(/home/jrich/opt/texlive/texmf-dist/tex/latex/refcount/refcount.sty)
(/home/jrich/opt/texlive/texmf-dist/tex/generic/gettitlestring/gettitlestring.s
ty (/home/jrich/opt/texlive/texmf-dist/tex/latex/kvoptions/kvoptions.sty)))
(/home/jrich/opt/texlive/texmf-dist/tex/generic/stringenc/stringenc.sty)
(/home/jrich/opt/texlive/texmf-dist/tex/latex/hyperref/pd1enc.def)
(/home/jrich/opt/texlive/texmf-dist/tex/generic/intcalc/intcalc.sty)
(/home/jrich/opt/texlive/texmf-dist/tex/latex/hyperref/puenc.def)
(/home/jrich/opt/texlive/texmf-dist/tex/latex/url/url.sty)
(/home/jrich/opt/texlive/texmf-dist/tex/generic/bitset/bitset.sty
(/home/jrich/opt/texlive/texmf-dist/tex/generic/bigintcalc/bigintcalc.sty))

Package hyperref Message: Stopped early.

) (/home/jrich/opt/texlive/texmf-dist/tex/latex/hyperref/hxetex.def
(/home/jrich/opt/texlive/texmf-dist/tex/latex/rerunfilecheck/rerunfilecheck.sty

(/home/jrich/opt/texlive/texmf-dist/tex/generic/uniquecounter/uniquecounter.sty
))) (/home/jrich/opt/texlive/texmf-dist/tex/latex/beamer/beamerbaserequires.sty

(/home/jrich/opt/texlive/texmf-dist/tex/latex/beamer/beamerbasecompatibility.st
y) (/home/jrich/opt/texlive/texmf-dist/tex/latex/beamer/beamerbasefont.sty
(/home/jrich/opt/texlive/texmf-dist/tex/latex/amsfonts/amssymb.sty
(/home/jrich/opt/texlive/texmf-dist/tex/latex/amsfonts/amsfonts.sty))
(/home/jrich/opt/texlive/texmf-dist/tex/latex/sansmathaccent/sansmathaccent.sty
(/home/jrich/opt/texlive/texmf-dist/tex/latex/koma-script/scrlfile.sty
(/home/jrich/opt/texlive/texmf-dist/tex/latex/koma-script/scrlfile-hook.sty
(/home/jrich/opt/texlive/texmf-dist/tex/latex/koma-script/scrlogo.sty)))))
(/home/jrich/opt/texlive/texmf-dist/tex/latex/beamer/beamerbasetranslator.sty
(/home/jrich/opt/texlive/texmf-dist/tex/latex/translator/translator.sty))
(/home/jrich/opt/texlive/texmf-dist/tex/latex/beamer/beamerbasemisc.sty)
(/home/jrich/opt/texlive/texmf-dist/tex/latex/beamer/beamerbasetwoscreens.sty)
(/home/jrich/opt/texlive/texmf-dist/tex/latex/beamer/beamerbaseoverlay.sty)
(/home/jrich/opt/texlive/texmf-dist/tex/latex/beamer/beamerbasetitle.sty)
(/home/jrich/opt/texlive/texmf-dist/tex/latex/beamer/beamerbasesection.sty)
(/home/jrich/opt/texlive/texmf-dist/tex/latex/beamer/beamerbaseframe.sty)
(/home/jrich/opt/texlive/texmf-dist/tex/latex/beamer/beamerbaseverbatim.sty)
(/home/jrich/opt/texlive/texmf-dist/tex/latex/beamer/beamerbaseframesize.sty)
(/home/jrich/opt/texlive/texmf-dist/tex/latex/beamer/beamerbaseframecomponents.
sty) (/home/jrich/opt/texlive/texmf-dist/tex/latex/beamer/beamerbasecolor.sty)
(/home/jrich/opt/texlive/texmf-dist/tex/latex/beamer/beamerbasenotes.sty)
(/home/jrich/opt/texlive/texmf-dist/tex/latex/beamer/beamerbasetoc.sty)
(/home/jrich/opt/texlive/texmf-dist/tex/latex/beamer/beamerbasetemplates.sty
(/home/jrich/opt/texlive/texmf-dist/tex/latex/beamer/beamerbaseauxtemplates.sty
(/home/jrich/opt/texlive/texmf-dist/tex/latex/beamer/beamerbaseboxes.sty)))
(/home/jrich/opt/texlive/texmf-dist/tex/latex/beamer/beamerbaselocalstructure.s
ty (/home/jrich/opt/texlive/texmf-dist/tex/latex/tools/enumerate.sty))
(/home/jrich/opt/texlive/texmf-dist/tex/latex/beamer/beamerbasenavigation.sty
(/home/jrich/opt/texlive/texmf-dist/tex/latex/beamer/beamerbasenavigationsymbol
s.tex))
(/home/jrich/opt/texlive/texmf-dist/tex/latex/beamer/beamerbasetheorems.sty
(/home/jrich/opt/texlive/texmf-dist/tex/latex/amsmath/amsmath.sty
For additional information on amsmath, use the `?' option.
(/home/jrich/opt/texlive/texmf-dist/tex/latex/amsmath/amstext.sty
(/home/jrich/opt/texlive/texmf-dist/tex/latex/amsmath/amsgen.sty))
(/home/jrich/opt/texlive/texmf-dist/tex/latex/amsmath/amsbsy.sty)
(/home/jrich/opt/texlive/texmf-dist/tex/latex/amsmath/amsopn.sty))
(/home/jrich/opt/texlive/texmf-dist/tex/latex/amscls/amsthm.sty))
(/home/jrich/opt/texlive/texmf-dist/tex/latex/beamer/beamerbasethemes.sty))
(/home/jrich/opt/texlive/texmf-dist/tex/latex/beamer/beamerthemedefault.sty
(/home/jrich/opt/texlive/texmf-dist/tex/latex/beamer/beamerfontthemedefault.sty
)
(/home/jrich/opt/texlive/texmf-dist/tex/latex/beamer/beamercolorthemedefault.st
y)
(/home/jrich/opt/texlive/texmf-dist/tex/latex/beamer/beamerinnerthemedefault.st
y)
(/home/jrich/opt/texlive/texmf-dist/tex/latex/beamer/beamerouterthemedefault.st
y))) (/home/jrich/opt/texlive/texmf-dist/tex/latex/beamer/beamerthemeMadrid.sty
(/home/jrich/opt/texlive/texmf-dist/tex/latex/beamer/beamercolorthemewhale.sty)

(/home/jrich/opt/texlive/texmf-dist/tex/latex/beamer/beamercolorthemeorchid.sty
)
(/home/jrich/opt/texlive/texmf-dist/tex/latex/beamer/beamerinnerthemerounded.st
y)
(/home/jrich/opt/texlive/texmf-dist/tex/latex/beamer/beamerouterthemeinfolines.
sty)) (/home/jrich/opt/texlive/texmf-dist/tex/latex/fontspec/fontspec.sty
(/home/jrich/opt/texlive/texmf-dist/tex/latex/l3packages/xparse/xparse.sty
(/home/jrich/opt/texlive/texmf-dist/tex/latex/l3kernel/expl3.sty
(/home/jrich/opt/texlive/texmf-dist/tex/latex/l3backend/l3backend-xetex.def)))
(/home/jrich/opt/texlive/texmf-dist/tex/latex/fontspec/fontspec-xetex.sty
(/home/jrich/opt/texlive/texmf-dist/tex/latex/base/fontenc.sty)
(/home/jrich/opt/texlive/texmf-dist/tex/latex/fontspec/fontspec.cfg)))
(/home/jrich/opt/texlive/texmf-dist/tex/latex/tools/array.sty)
(/home/jrich/opt/texlive/texmf-dist/tex/latex/adjustbox/adjustbox.sty
(/home/jrich/opt/texlive/texmf-dist/tex/latex/xkeyval/xkeyval.sty
(/home/jrich/opt/texlive/texmf-dist/tex/generic/xkeyval/xkeyval.tex
(/home/jrich/opt/texlive/texmf-dist/tex/generic/xkeyval/xkvutils.tex)))
(/home/jrich/opt/texlive/texmf-dist/tex/latex/adjustbox/adjcalc.sty)
(/home/jrich/opt/texlive/texmf-dist/tex/latex/adjustbox/trimclip.sty
(/home/jrich/opt/texlive/texmf-dist/tex/latex/collectbox/collectbox.sty)
(/home/jrich/opt/texlive/texmf-dist/tex/latex/adjustbox/tc-xetex.def))
(/home/jrich/opt/texlive/texmf-dist/tex/latex/ifoddpage/ifoddpage.sty)
(/home/jrich/opt/texlive/texmf-dist/tex/latex/varwidth/varwidth.sty)
==> First Aid for varwidth.sty applied!
) (./pedrad_ai_slides.aux)
*geometry* driver: auto-detecting
*geometry* detected driver: xetex
(./pedrad_ai_slides.out) (./pedrad_ai_slides.out)
(/home/jrich/opt/texlive/texmf-dist/tex/latex/translator/translator-basic-dicti
onary-English.dict)
(/home/jrich/opt/texlive/texmf-dist/tex/latex/translator/translator-bibliograph
y-dictionary-English.dict)
(/home/jrich/opt/texlive/texmf-dist/tex/latex/translator/translator-environment
-dictionary-English.dict)
(/home/jrich/opt/texlive/texmf-dist/tex/latex/translator/translator-months-dict
ionary-English.dict)
(/home/jrich/opt/texlive/texmf-dist/tex/latex/translator/translator-numbers-dic
tionary-English.dict)
(/home/jrich/opt/texlive/texmf-dist/tex/latex/translator/translator-theorem-dic
tionary-English.dict) (./pedrad_ai_slides.nav) [1] [2]
(/home/jrich/opt/texlive/texmf-dist/tex/latex/amsfonts/umsa.fd)
(/home/jrich/opt/texlive/texmf-dist/tex/latex/amsfonts/umsb.fd) [3] [4]
[5]
Overfull \vbox (5.88428pt too high) detected at line 137
[6]
Overfull \vbox (15.56476pt too high) detected at line 143
[7] [8] [9] [10] [11] [12] [13]
Overfull \vbox (2.12143pt too high) detected at line 229
[14] [15] [16] [17] [18] [19] [20] [21] [22] [23] [24] [25] [26] [27] [28]
[29] [30] [31] [32] [33] [34] [35] [36] [37] [38] [39] [40] [41] [42] [43]
[44] [45] [46] [47] [48] [49] [50] [51] [52] [53] [54] [55] [56] [57] [58]
[59] [60] (./pedrad_ai_slides.aux) )
(see the transcript file for additional information)
Output written on pedrad_ai_slides.xdv (60 pages, 965596 bytes).
Transcript written on pedrad_ai_slides.log.
Latexmk: Getting log file 'pedrad_ai_slides.log'
Latexmk: Examining 'pedrad_ai_slides.fls'
Latexmk: Examining 'pedrad_ai_slides.log'
Latexmk: Log file says output to 'pedrad_ai_slides.xdv'
Latexmk: applying rule 'xdvipdfmx'...
Rule 'xdvipdfmx':  Reasons for rerun
Changed files or newly in use/created:
  pedrad_ai_slides.xdv
Category 'changed_source_rules':
  xelatex

------------
Run number 1 of rule 'xdvipdfmx'
------------
------------
Running 'xdvipdfmx -E -o "pedrad_ai_slides.pdf"  "pedrad_ai_slides.xdv"'
------------
pedrad_ai_slides.xdv -> pedrad_ai_slides.pdf
[1][2][3][4][5][6][7][8][9][10][11][12][13][14][15][16][17][18][19][20][21][22][23][24][25][26][27][28][29][30][31][32][33][34][35][36][37][38][39][40][41][42][43][44][45][46][47][48][49][50][51][52][53][54][55][56][57][58][59][60]
2332784 bytes written
Latexmk: All targets (pedrad_ai_slides.xdv pedrad_ai_slides.pdf) are up-to-date

